../Core/Src/main.c:145:5:main	16	static
../Core/Src/main.c:347:6:SystemClock_Config	120	static
../Core/Src/main.c:412:6:PeriphCommonClock_Config	200	static
../Core/Src/main.c:439:13:MX_ADC1_Init	48	static
../Core/Src/main.c:507:13:MX_ADC2_Init	40	static
../Core/Src/main.c:566:13:MX_ADC3_Init	40	static
../Core/Src/main.c:625:13:MX_COMP1_Init	8	static
../Core/Src/main.c:659:13:MX_COMP2_Init	8	static
../Core/Src/main.c:693:13:MX_DAC1_Init	48	static
../Core/Src/main.c:736:13:MX_TIM1_Init	96	static
../Core/Src/main.c:805:13:MX_TIM16_Init	8	static
../Core/Src/main.c:837:13:MX_USART3_UART_Init	8	static
../Core/Src/main.c:885:13:MX_DMA_Init	16	static
../Core/Src/main.c:929:13:MX_GPIO_Init	64	static
../Core/Src/main.c:1017:6:HAL_TIM_PeriodElapsedCallback	16	static
../Core/Src/main.c:1034:6:HAL_ADC_ConvHalfCpltCallback	16	static
../Core/Src/main.c:1050:6:HAL_ADC_ConvCpltCallback	16	static
../Core/Src/main.c:1101:6:HAL_COMP_TriggerCallback	16	static
../Core/Src/main.c:1126:6:copy_to_tmp_array	8	static
../Core/Src/main.c:1192:6:prepare_data_to_send	24	static
../Core/Src/main.c:1212:6:Error_Handler	8	static,ignoring_inline_asm
