../Core/Src/main.c:156:5:main	24	static
../Core/Src/main.c:376:6:SystemClock_Config	120	static
../Core/Src/main.c:443:6:PeriphCommonClock_Config	200	static
../Core/Src/main.c:471:13:MX_ADC1_Init	48	static
../Core/Src/main.c:541:13:MX_ADC2_Init	40	static
../Core/Src/main.c:601:13:MX_ADC3_Init	40	static
../Core/Src/main.c:661:13:MX_COMP1_Init	8	static
../Core/Src/main.c:695:13:MX_COMP2_Init	8	static
../Core/Src/main.c:729:13:MX_DAC1_Init	48	static
../Core/Src/main.c:773:13:MX_TIM1_Init	96	static
../Core/Src/main.c:845:13:MX_TIM16_Init	8	static
../Core/Src/main.c:877:13:MX_USART3_UART_Init	8	static
../Core/Src/main.c:925:13:MX_DMA_Init	16	static
../Core/Src/main.c:969:13:MX_GPIO_Init	64	static
../Core/Src/main.c:1058:6:HAL_TIM_PeriodElapsedCallback	16	static
../Core/Src/main.c:1079:6:HAL_ADC_ConvHalfCpltCallback	16	static
../Core/Src/main.c:1096:6:HAL_ADC_ConvCpltCallback	16	static
../Core/Src/main.c:1147:6:HAL_COMP_TriggerCallback	16	static
../Core/Src/main.c:1180:6:copy_to_tmp_array	8	static
../Core/Src/main.c:1258:6:prepare_data_to_send	32	static
../Core/Src/main.c:1309:6:Error_Handler	8	static,ignoring_inline_asm
