../Core/Src/main.c:158:5:main	24	static
../Core/Src/main.c:380:6:SystemClock_Config	120	static
../Core/Src/main.c:445:6:PeriphCommonClock_Config	200	static
../Core/Src/main.c:472:13:MX_ADC1_Init	48	static
../Core/Src/main.c:540:13:MX_ADC2_Init	40	static
../Core/Src/main.c:599:13:MX_ADC3_Init	40	static
../Core/Src/main.c:658:13:MX_COMP1_Init	8	static
../Core/Src/main.c:692:13:MX_COMP2_Init	8	static
../Core/Src/main.c:726:13:MX_DAC1_Init	48	static
../Core/Src/main.c:777:13:MX_TIM1_Init	96	static
../Core/Src/main.c:846:13:MX_TIM16_Init	8	static
../Core/Src/main.c:878:13:MX_USART3_UART_Init	8	static
../Core/Src/main.c:926:13:MX_DMA_Init	16	static
../Core/Src/main.c:970:13:MX_GPIO_Init	64	static
../Core/Src/main.c:1058:6:HAL_TIM_PeriodElapsedCallback	16	static
../Core/Src/main.c:1080:6:HAL_ADC_ConvHalfCpltCallback	16	static
../Core/Src/main.c:1097:6:HAL_ADC_ConvCpltCallback	16	static
../Core/Src/main.c:1148:6:HAL_COMP_TriggerCallback	24	static
../Core/Src/main.c:1191:6:copy_to_tmp_array	8	static
../Core/Src/main.c:1269:6:prepare_data_to_send	32	static
../Core/Src/main.c:1320:6:Error_Handler	8	static,ignoring_inline_asm
