../Core/Src/stm32h7xx_it.c:78:6:NMI_Handler	4	static
../Core/Src/stm32h7xx_it.c:93:6:HardFault_Handler	8	static
../Core/Src/stm32h7xx_it.c:109:6:MemManage_Handler	4	static
../Core/Src/stm32h7xx_it.c:124:6:BusFault_Handler	4	static
../Core/Src/stm32h7xx_it.c:139:6:UsageFault_Handler	4	static
../Core/Src/stm32h7xx_it.c:154:6:SVC_Handler	4	static
../Core/Src/stm32h7xx_it.c:167:6:DebugMon_Handler	4	static
../Core/Src/stm32h7xx_it.c:180:6:PendSV_Handler	4	static
../Core/Src/stm32h7xx_it.c:193:6:SysTick_Handler	8	static
../Core/Src/stm32h7xx_it.c:214:6:DMA1_Stream0_IRQHandler	8	static
../Core/Src/stm32h7xx_it.c:228:6:DMA1_Stream1_IRQHandler	8	static
../Core/Src/stm32h7xx_it.c:242:6:DMA1_Stream2_IRQHandler	8	static
../Core/Src/stm32h7xx_it.c:256:6:ADC_IRQHandler	8	static
../Core/Src/stm32h7xx_it.c:271:6:OTG_FS_EP1_OUT_IRQHandler	8	static
../Core/Src/stm32h7xx_it.c:285:6:OTG_FS_EP1_IN_IRQHandler	8	static
../Core/Src/stm32h7xx_it.c:299:6:OTG_FS_IRQHandler	8	static
../Core/Src/stm32h7xx_it.c:313:6:TIM16_IRQHandler	8	static
../Core/Src/stm32h7xx_it.c:327:6:ADC3_IRQHandler	8	static
../Core/Src/stm32h7xx_it.c:341:6:COMP1_IRQHandler	8	static
